a
b
None
True
1256
(2, 3)
[5, 6]
a
b
None
True
1256
(2, 3)
[5, 6]
