[[1, 2], [2, 4], [6, 8], 1, 2, 3, 4, 4]
[['oki'], [2, 4], [6, 8]]
True
((1, 2, 3), (2, 3, 4), (4, 56, 5), 'totowow', 'oki')
((1, 2, 'oki'), ('wow', 83, True))
True
