HelloHelloHelloHelloHello
[21, 'hey', True, 21, 'hey', True, 21, 'hey', True]
(23, 'oki', False, None, 23, 'oki', False, None, 23, 'oki', False, None)
