False
True
None
True
False
True
None
None
None
True
False
