a est dans la liste
a et b sont dans la liste
a est dans la liste et z n'est pas dans la liste
a, b et c sont dans la liste
a et b sont dans la liste et z n'est pas dans la liste
a est dans la liste et y et z ne sont pas dans la liste
x, y et z ne sont pas dans la liste
