120
3628800
295232799039604140847618609643520000000
1
